# serializer version: 1
# name: test_dump_schema
  '''
  {
    "$ref": "#/$defs/ByggFile",
    "$defs": {
      "ByggFile": {
        "title": "ByggFile",
        "type": "object",
        "properties": {
          "actions": {
            "type": "array",
            "items": {
              "$ref": "#/$defs/ActionItem"
            }
          },
          "settings": {
            "$ref": "#/$defs/Settings"
          },
          "environments": {
            "type": "object",
            "additionalProperties": {
              "$ref": "#/$defs/Environment"
            },
            "default": {}
          }
        },
        "required": [
          "actions"
        ],
        "additionalProperties": false
      },
      "ActionItem": {
        "title": "ActionItem",
        "description": "name: The name of the action.\ndescription: A description of the action. Used in e.g. help messages.\nmessage: A message to print when the action is executed.\ninputs: A list of files that are used as input to the action.\noutputs: A list of files that are generated by the action.\ndependencies: A list of actions that must be executed before this action.\nis_entrypoint: Whether this action is an entrypoint. Entry points are actions that\ncan be executed directly from the command line. If not set, this is treated as true\nby default in Byggfile.yml and false when used from Python.\nshell: The shell command to execute when the action is run.",
        "type": "object",
        "properties": {
          "name": {
            "type": "string"
          },
          "description": {
            "anyOf": [
              {
                "type": "string"
              },
              {
                "type": "null"
              }
            ],
            "default": null
          },
          "message": {
            "anyOf": [
              {
                "type": "string"
              },
              {
                "type": "null"
              }
            ],
            "default": null
          },
          "inputs": {
            "anyOf": [
              {
                "type": "array",
                "items": {
                  "type": "string"
                }
              },
              {
                "type": "null"
              }
            ],
            "default": null
          },
          "outputs": {
            "anyOf": [
              {
                "type": "array",
                "items": {
                  "type": "string"
                }
              },
              {
                "type": "null"
              }
            ],
            "default": null
          },
          "dependencies": {
            "anyOf": [
              {
                "type": "array",
                "items": {
                  "type": "string"
                }
              },
              {
                "type": "null"
              }
            ],
            "default": null
          },
          "is_entrypoint": {
            "anyOf": [
              {
                "type": "boolean"
              },
              {
                "type": "null"
              }
            ],
            "default": null
          },
          "environment": {
            "anyOf": [
              {
                "type": "string"
              },
              {
                "type": "null"
              }
            ],
            "default": "default"
          },
          "shell": {
            "anyOf": [
              {
                "type": "string"
              },
              {
                "type": "null"
              }
            ],
            "default": null
          }
        },
        "required": [
          "name"
        ],
        "additionalProperties": false
      },
      "Settings": {
        "title": "Settings",
        "type": "object",
        "properties": {
          "default_action": {
            "anyOf": [
              {
                "type": "string"
              },
              {
                "type": "null"
              }
            ],
            "default": null
          }
        },
        "required": [],
        "additionalProperties": false
      },
      "Environment": {
        "title": "Environment",
        "description": "name: The name of the environment.\n\ndescription: A description of the environment. Used in e.g. help messages.\n\nbyggfiles: A list of Byggfiles that use this environment.\n\ninputs: A list of files that are used as input to the environment. Typically pip\nrequirements files, but can be any files.\n\nvenv_directory: The directory where the virtual environment is located. Will be\nrecreated by Bygg if any of the inputs are modified.\n\nshell: The shell command for creating the environment.\n\nentrypoints: A list of entrypoints that use this environment.",
        "type": "object",
        "properties": {
          "byggfile": {
            "type": "string"
          },
          "inputs": {
            "type": "array",
            "items": {
              "type": "string"
            }
          },
          "venv_directory": {
            "type": "string"
          },
          "shell": {
            "type": "string"
          },
          "description": {
            "anyOf": [
              {
                "type": "string"
              },
              {
                "type": "null"
              }
            ],
            "default": null
          },
          "message": {
            "anyOf": [
              {
                "type": "string"
              },
              {
                "type": "null"
              }
            ],
            "default": null
          }
        },
        "required": [
          "byggfile",
          "inputs",
          "venv_directory",
          "shell"
        ],
        "additionalProperties": false
      }
    }
  }
  
  '''
# ---
# name: test_list[checks]
  '''
  Available actions:
  
  all_checks (default)
      Run all test actions declared in this file. Should trigger all
      tested checks when run with --check.
  
  check_inputs_outputs
      Example where a later action has the input of an earlier one as
      its output. This should trigger check_inputs_outputs when run with
      --check.
  
  output_file_missing
      Example that doesn't create the outputs that it declares. This
      should trigger output_file_missing when run with --check.
  
  
  '''
# ---
# name: test_list[environments]
  '''
  Available actions:
  
  default_action (default)
      The default action. Runs in the default environment.
  
  action1
      Action that runs in env1.
  
  action2
      Action that runs in env2.
  
  clean_environments
      Clean all environments
  
  
  '''
# ---
# name: test_list[failing_jobs]
  '''
  Available actions:
  
  all (default)
      Run all test jobs. They will fail.
  
  gcc
      Simulate a failing gcc build.
  
  go
      Simulate a failing go build.
  
  make
      Simulate a failing make run.
  
  npm
      Simulate a failing npm build.
  
  
  '''
# ---
# name: test_list[only_python]
  '''
  Available actions:
  
  hello
      An action that says 'Hello'.
  
  hi
      An action that says 'Hi'.
  
  
  '''
# ---
# name: test_list[parametric]
  '''
  Available actions:
  
  sort (default)
      Sort all test files. Also sets up test files if needed.
  
  setup
      Set up test files.
  
  
  '''
# ---
# name: test_list[taskrunner]
  '''
  Available actions:
  
  touch a file (default)
      No description
  
  
  '''
# ---
# name: test_list[trivial]
  '''
  Available actions:
  
  transform (default)
      No description
  
  
  '''
# ---
# name: test_list_directory[checks]
  '''
  ðŸ›ˆ Entering directory 'examples/checks'
  Available actions:
  
  all_checks (default)
      Run all test actions declared in this file. Should trigger all
      tested checks when run with --check.
  
  check_inputs_outputs
      Example where a later action has the input of an earlier one as
      its output. This should trigger check_inputs_outputs when run with
      --check.
  
  output_file_missing
      Example that doesn't create the outputs that it declares. This
      should trigger output_file_missing when run with --check.
  
  
  '''
# ---
# name: test_list_directory[environments]
  '''
  ðŸ›ˆ Entering directory 'examples/environments'
  Available actions:
  
  default_action (default)
      The default action. Runs in the default environment.
  
  action1
      Action that runs in env1.
  
  action2
      Action that runs in env2.
  
  clean_environments
      Clean all environments
  
  
  '''
# ---
# name: test_list_directory[failing_jobs]
  '''
  ðŸ›ˆ Entering directory 'examples/failing_jobs'
  Available actions:
  
  all (default)
      Run all test jobs. They will fail.
  
  gcc
      Simulate a failing gcc build.
  
  go
      Simulate a failing go build.
  
  make
      Simulate a failing make run.
  
  npm
      Simulate a failing npm build.
  
  
  '''
# ---
# name: test_list_directory[only_python]
  '''
  ðŸ›ˆ Entering directory 'examples/only_python'
  Available actions:
  
  hello
      An action that says 'Hello'.
  
  hi
      An action that says 'Hi'.
  
  
  '''
# ---
# name: test_list_directory[parametric]
  '''
  ðŸ›ˆ Entering directory 'examples/parametric'
  Available actions:
  
  sort (default)
      Sort all test files. Also sets up test files if needed.
  
  setup
      Set up test files.
  
  
  '''
# ---
# name: test_list_directory[taskrunner]
  '''
  ðŸ›ˆ Entering directory 'examples/taskrunner'
  Available actions:
  
  touch a file (default)
      No description
  
  
  '''
# ---
# name: test_list_directory[trivial]
  '''
  ðŸ›ˆ Entering directory 'examples/trivial'
  Available actions:
  
  transform (default)
      No description
  
  
  '''
# ---
# name: test_tree[checks]
  '''
  
  all_checks
  â”œâ”€â”€ check_inputs_outputs
  â”‚   â””â”€â”€ circular_C
  â”‚       â””â”€â”€ circular_B
  â”‚           â””â”€â”€ circular_A
  â””â”€â”€ output_file_missing
      â””â”€â”€ no_outputs_A
  
  '''
# ---
# name: test_tree[environments]
  '''
  
  default_action
  â””â”€â”€ default_action_python
  ðŸ›ˆ Setting up environment
  
  '''
# ---
# name: test_tree[failing_jobs]
  '''
  
  all
  â”œâ”€â”€ gcc
  â”œâ”€â”€ go
  â”œâ”€â”€ make
  â””â”€â”€ npm
  
  '''
# ---
# name: test_tree[only_python]
  '''
  No actions specified and no default action is defined.
  
  Available actions:
  
  hello
      An action that says 'Hello'.
  
  hi
      An action that says 'Hi'.
  
  
  '''
# ---
# name: test_tree[parametric]
  '''
  
  sort
  â””â”€â”€ sort_test_files
      â”œâ”€â”€ t/l0f0.txt
      â”‚   â”œâ”€â”€ t/l0f0.txt.in
      â”‚   â””â”€â”€ t/l1f0.txt
      â”‚       â”œâ”€â”€ t/l1f0.txt.in
      â”‚       â””â”€â”€ t/l2f0.txt
      â”‚           â””â”€â”€ t/l2f0.txt.in
      â”œâ”€â”€ t/l0f1.txt
      â”‚   â”œâ”€â”€ t/l0f1.txt.in
      â”‚   â””â”€â”€ t/l1f1.txt
      â”‚       â”œâ”€â”€ t/l1f1.txt.in
      â”‚       â””â”€â”€ t/l2f1.txt
      â”‚           â””â”€â”€ t/l2f1.txt.in
      â”œâ”€â”€ t/l0f10.txt
      â”‚   â”œâ”€â”€ t/l0f10.txt.in
      â”‚   â””â”€â”€ t/l1f10.txt
      â”‚       â”œâ”€â”€ t/l1f10.txt.in
      â”‚       â””â”€â”€ t/l2f10.txt
      â”‚           â””â”€â”€ t/l2f10.txt.in
      â”œâ”€â”€ t/l0f11.txt
      â”‚   â”œâ”€â”€ t/l0f11.txt.in
      â”‚   â””â”€â”€ t/l1f11.txt
      â”‚       â”œâ”€â”€ t/l1f11.txt.in
      â”‚       â””â”€â”€ t/l2f11.txt
      â”‚           â””â”€â”€ t/l2f11.txt.in
      â”œâ”€â”€ t/l0f12.txt
      â”‚   â”œâ”€â”€ t/l0f12.txt.in
      â”‚   â””â”€â”€ t/l1f12.txt
      â”‚       â”œâ”€â”€ t/l1f12.txt.in
      â”‚       â””â”€â”€ t/l2f12.txt
      â”‚           â””â”€â”€ t/l2f12.txt.in
      â”œâ”€â”€ t/l0f13.txt
      â”‚   â”œâ”€â”€ t/l0f13.txt.in
      â”‚   â””â”€â”€ t/l1f13.txt
      â”‚       â”œâ”€â”€ t/l1f13.txt.in
      â”‚       â””â”€â”€ t/l2f13.txt
      â”‚           â””â”€â”€ t/l2f13.txt.in
      â”œâ”€â”€ t/l0f14.txt
      â”‚   â”œâ”€â”€ t/l0f14.txt.in
      â”‚   â””â”€â”€ t/l1f14.txt
      â”‚       â”œâ”€â”€ t/l1f14.txt.in
      â”‚       â””â”€â”€ t/l2f14.txt
      â”‚           â””â”€â”€ t/l2f14.txt.in
      â”œâ”€â”€ t/l0f15.txt
      â”‚   â”œâ”€â”€ t/l0f15.txt.in
      â”‚   â””â”€â”€ t/l1f15.txt
      â”‚       â”œâ”€â”€ t/l1f15.txt.in
      â”‚       â””â”€â”€ t/l2f15.txt
      â”‚           â””â”€â”€ t/l2f15.txt.in
      â”œâ”€â”€ t/l0f16.txt
      â”‚   â”œâ”€â”€ t/l0f16.txt.in
      â”‚   â””â”€â”€ t/l1f16.txt
      â”‚       â”œâ”€â”€ t/l1f16.txt.in
      â”‚       â””â”€â”€ t/l2f16.txt
      â”‚           â””â”€â”€ t/l2f16.txt.in
      â”œâ”€â”€ t/l0f17.txt
      â”‚   â”œâ”€â”€ t/l0f17.txt.in
      â”‚   â””â”€â”€ t/l1f17.txt
      â”‚       â”œâ”€â”€ t/l1f17.txt.in
      â”‚       â””â”€â”€ t/l2f17.txt
      â”‚           â””â”€â”€ t/l2f17.txt.in
      â”œâ”€â”€ t/l0f18.txt
      â”‚   â”œâ”€â”€ t/l0f18.txt.in
      â”‚   â””â”€â”€ t/l1f18.txt
      â”‚       â”œâ”€â”€ t/l1f18.txt.in
      â”‚       â””â”€â”€ t/l2f18.txt
      â”‚           â””â”€â”€ t/l2f18.txt.in
      â”œâ”€â”€ t/l0f19.txt
      â”‚   â”œâ”€â”€ t/l0f19.txt.in
      â”‚   â””â”€â”€ t/l1f19.txt
      â”‚       â”œâ”€â”€ t/l1f19.txt.in
      â”‚       â””â”€â”€ t/l2f19.txt
      â”‚           â””â”€â”€ t/l2f19.txt.in
      â”œâ”€â”€ t/l0f2.txt
      â”‚   â”œâ”€â”€ t/l0f2.txt.in
      â”‚   â””â”€â”€ t/l1f2.txt
      â”‚       â”œâ”€â”€ t/l1f2.txt.in
      â”‚       â””â”€â”€ t/l2f2.txt
      â”‚           â””â”€â”€ t/l2f2.txt.in
      â”œâ”€â”€ t/l0f20.txt
      â”‚   â”œâ”€â”€ t/l0f20.txt.in
      â”‚   â””â”€â”€ t/l1f20.txt
      â”‚       â”œâ”€â”€ t/l1f20.txt.in
      â”‚       â””â”€â”€ t/l2f20.txt
      â”‚           â””â”€â”€ t/l2f20.txt.in
      â”œâ”€â”€ t/l0f21.txt
      â”‚   â”œâ”€â”€ t/l0f21.txt.in
      â”‚   â””â”€â”€ t/l1f21.txt
      â”‚       â”œâ”€â”€ t/l1f21.txt.in
      â”‚       â””â”€â”€ t/l2f21.txt
      â”‚           â””â”€â”€ t/l2f21.txt.in
      â”œâ”€â”€ t/l0f22.txt
      â”‚   â”œâ”€â”€ t/l0f22.txt.in
      â”‚   â””â”€â”€ t/l1f22.txt
      â”‚       â”œâ”€â”€ t/l1f22.txt.in
      â”‚       â””â”€â”€ t/l2f22.txt
      â”‚           â””â”€â”€ t/l2f22.txt.in
      â”œâ”€â”€ t/l0f23.txt
      â”‚   â”œâ”€â”€ t/l0f23.txt.in
      â”‚   â””â”€â”€ t/l1f23.txt
      â”‚       â”œâ”€â”€ t/l1f23.txt.in
      â”‚       â””â”€â”€ t/l2f23.txt
      â”‚           â””â”€â”€ t/l2f23.txt.in
      â”œâ”€â”€ t/l0f24.txt
      â”‚   â”œâ”€â”€ t/l0f24.txt.in
      â”‚   â””â”€â”€ t/l1f24.txt
      â”‚       â”œâ”€â”€ t/l1f24.txt.in
      â”‚       â””â”€â”€ t/l2f24.txt
      â”‚           â””â”€â”€ t/l2f24.txt.in
      â”œâ”€â”€ t/l0f25.txt
      â”‚   â”œâ”€â”€ t/l0f25.txt.in
      â”‚   â””â”€â”€ t/l1f25.txt
      â”‚       â”œâ”€â”€ t/l1f25.txt.in
      â”‚       â””â”€â”€ t/l2f25.txt
      â”‚           â””â”€â”€ t/l2f25.txt.in
      â”œâ”€â”€ t/l0f26.txt
      â”‚   â”œâ”€â”€ t/l0f26.txt.in
      â”‚   â””â”€â”€ t/l1f26.txt
      â”‚       â”œâ”€â”€ t/l1f26.txt.in
      â”‚       â””â”€â”€ t/l2f26.txt
      â”‚           â””â”€â”€ t/l2f26.txt.in
      â”œâ”€â”€ t/l0f27.txt
      â”‚   â”œâ”€â”€ t/l0f27.txt.in
      â”‚   â””â”€â”€ t/l1f27.txt
      â”‚       â”œâ”€â”€ t/l1f27.txt.in
      â”‚       â””â”€â”€ t/l2f27.txt
      â”‚           â””â”€â”€ t/l2f27.txt.in
      â”œâ”€â”€ t/l0f28.txt
      â”‚   â”œâ”€â”€ t/l0f28.txt.in
      â”‚   â””â”€â”€ t/l1f28.txt
      â”‚       â”œâ”€â”€ t/l1f28.txt.in
      â”‚       â””â”€â”€ t/l2f28.txt
      â”‚           â””â”€â”€ t/l2f28.txt.in
      â”œâ”€â”€ t/l0f29.txt
      â”‚   â”œâ”€â”€ t/l0f29.txt.in
      â”‚   â””â”€â”€ t/l1f29.txt
      â”‚       â”œâ”€â”€ t/l1f29.txt.in
      â”‚       â””â”€â”€ t/l2f29.txt
      â”‚           â””â”€â”€ t/l2f29.txt.in
      â”œâ”€â”€ t/l0f3.txt
      â”‚   â”œâ”€â”€ t/l0f3.txt.in
      â”‚   â””â”€â”€ t/l1f3.txt
      â”‚       â”œâ”€â”€ t/l1f3.txt.in
      â”‚       â””â”€â”€ t/l2f3.txt
      â”‚           â””â”€â”€ t/l2f3.txt.in
      â”œâ”€â”€ t/l0f30.txt
      â”‚   â”œâ”€â”€ t/l0f30.txt.in
      â”‚   â””â”€â”€ t/l1f30.txt
      â”‚       â”œâ”€â”€ t/l1f30.txt.in
      â”‚       â””â”€â”€ t/l2f30.txt
      â”‚           â””â”€â”€ t/l2f30.txt.in
      â”œâ”€â”€ t/l0f31.txt
      â”‚   â”œâ”€â”€ t/l0f31.txt.in
      â”‚   â””â”€â”€ t/l1f31.txt
      â”‚       â”œâ”€â”€ t/l1f31.txt.in
      â”‚       â””â”€â”€ t/l2f31.txt
      â”‚           â””â”€â”€ t/l2f31.txt.in
      â”œâ”€â”€ t/l0f32.txt
      â”‚   â”œâ”€â”€ t/l0f32.txt.in
      â”‚   â””â”€â”€ t/l1f32.txt
      â”‚       â”œâ”€â”€ t/l1f32.txt.in
      â”‚       â””â”€â”€ t/l2f32.txt
      â”‚           â””â”€â”€ t/l2f32.txt.in
      â”œâ”€â”€ t/l0f33.txt
      â”‚   â”œâ”€â”€ t/l0f33.txt.in
      â”‚   â””â”€â”€ t/l1f33.txt
      â”‚       â”œâ”€â”€ t/l1f33.txt.in
      â”‚       â””â”€â”€ t/l2f33.txt
      â”‚           â””â”€â”€ t/l2f33.txt.in
      â”œâ”€â”€ t/l0f34.txt
      â”‚   â”œâ”€â”€ t/l0f34.txt.in
      â”‚   â””â”€â”€ t/l1f34.txt
      â”‚       â”œâ”€â”€ t/l1f34.txt.in
      â”‚       â””â”€â”€ t/l2f34.txt
      â”‚           â””â”€â”€ t/l2f34.txt.in
      â”œâ”€â”€ t/l0f35.txt
      â”‚   â”œâ”€â”€ t/l0f35.txt.in
      â”‚   â””â”€â”€ t/l1f35.txt
      â”‚       â”œâ”€â”€ t/l1f35.txt.in
      â”‚       â””â”€â”€ t/l2f35.txt
      â”‚           â””â”€â”€ t/l2f35.txt.in
      â”œâ”€â”€ t/l0f36.txt
      â”‚   â”œâ”€â”€ t/l0f36.txt.in
      â”‚   â””â”€â”€ t/l1f36.txt
      â”‚       â”œâ”€â”€ t/l1f36.txt.in
      â”‚       â””â”€â”€ t/l2f36.txt
      â”‚           â””â”€â”€ t/l2f36.txt.in
      â”œâ”€â”€ t/l0f37.txt
      â”‚   â”œâ”€â”€ t/l0f37.txt.in
      â”‚   â””â”€â”€ t/l1f37.txt
      â”‚       â”œâ”€â”€ t/l1f37.txt.in
      â”‚       â””â”€â”€ t/l2f37.txt
      â”‚           â””â”€â”€ t/l2f37.txt.in
      â”œâ”€â”€ t/l0f38.txt
      â”‚   â”œâ”€â”€ t/l0f38.txt.in
      â”‚   â””â”€â”€ t/l1f38.txt
      â”‚       â”œâ”€â”€ t/l1f38.txt.in
      â”‚       â””â”€â”€ t/l2f38.txt
      â”‚           â””â”€â”€ t/l2f38.txt.in
      â”œâ”€â”€ t/l0f39.txt
      â”‚   â”œâ”€â”€ t/l0f39.txt.in
      â”‚   â””â”€â”€ t/l1f39.txt
      â”‚       â”œâ”€â”€ t/l1f39.txt.in
      â”‚       â””â”€â”€ t/l2f39.txt
      â”‚           â””â”€â”€ t/l2f39.txt.in
      â”œâ”€â”€ t/l0f4.txt
      â”‚   â”œâ”€â”€ t/l0f4.txt.in
      â”‚   â””â”€â”€ t/l1f4.txt
      â”‚       â”œâ”€â”€ t/l1f4.txt.in
      â”‚       â””â”€â”€ t/l2f4.txt
      â”‚           â””â”€â”€ t/l2f4.txt.in
      â”œâ”€â”€ t/l0f40.txt
      â”‚   â”œâ”€â”€ t/l0f40.txt.in
      â”‚   â””â”€â”€ t/l1f40.txt
      â”‚       â”œâ”€â”€ t/l1f40.txt.in
      â”‚       â””â”€â”€ t/l2f40.txt
      â”‚           â””â”€â”€ t/l2f40.txt.in
      â”œâ”€â”€ t/l0f41.txt
      â”‚   â”œâ”€â”€ t/l0f41.txt.in
      â”‚   â””â”€â”€ t/l1f41.txt
      â”‚       â”œâ”€â”€ t/l1f41.txt.in
      â”‚       â””â”€â”€ t/l2f41.txt
      â”‚           â””â”€â”€ t/l2f41.txt.in
      â”œâ”€â”€ t/l0f42.txt
      â”‚   â”œâ”€â”€ t/l0f42.txt.in
      â”‚   â””â”€â”€ t/l1f42.txt
      â”‚       â”œâ”€â”€ t/l1f42.txt.in
      â”‚       â””â”€â”€ t/l2f42.txt
      â”‚           â””â”€â”€ t/l2f42.txt.in
      â”œâ”€â”€ t/l0f43.txt
      â”‚   â”œâ”€â”€ t/l0f43.txt.in
      â”‚   â””â”€â”€ t/l1f43.txt
      â”‚       â”œâ”€â”€ t/l1f43.txt.in
      â”‚       â””â”€â”€ t/l2f43.txt
      â”‚           â””â”€â”€ t/l2f43.txt.in
      â”œâ”€â”€ t/l0f44.txt
      â”‚   â”œâ”€â”€ t/l0f44.txt.in
      â”‚   â””â”€â”€ t/l1f44.txt
      â”‚       â”œâ”€â”€ t/l1f44.txt.in
      â”‚       â””â”€â”€ t/l2f44.txt
      â”‚           â””â”€â”€ t/l2f44.txt.in
      â”œâ”€â”€ t/l0f45.txt
      â”‚   â”œâ”€â”€ t/l0f45.txt.in
      â”‚   â””â”€â”€ t/l1f45.txt
      â”‚       â”œâ”€â”€ t/l1f45.txt.in
      â”‚       â””â”€â”€ t/l2f45.txt
      â”‚           â””â”€â”€ t/l2f45.txt.in
      â”œâ”€â”€ t/l0f46.txt
      â”‚   â”œâ”€â”€ t/l0f46.txt.in
      â”‚   â””â”€â”€ t/l1f46.txt
      â”‚       â”œâ”€â”€ t/l1f46.txt.in
      â”‚       â””â”€â”€ t/l2f46.txt
      â”‚           â””â”€â”€ t/l2f46.txt.in
      â”œâ”€â”€ t/l0f47.txt
      â”‚   â”œâ”€â”€ t/l0f47.txt.in
      â”‚   â””â”€â”€ t/l1f47.txt
      â”‚       â”œâ”€â”€ t/l1f47.txt.in
      â”‚       â””â”€â”€ t/l2f47.txt
      â”‚           â””â”€â”€ t/l2f47.txt.in
      â”œâ”€â”€ t/l0f48.txt
      â”‚   â”œâ”€â”€ t/l0f48.txt.in
      â”‚   â””â”€â”€ t/l1f48.txt
      â”‚       â”œâ”€â”€ t/l1f48.txt.in
      â”‚       â””â”€â”€ t/l2f48.txt
      â”‚           â””â”€â”€ t/l2f48.txt.in
      â”œâ”€â”€ t/l0f49.txt
      â”‚   â”œâ”€â”€ t/l0f49.txt.in
      â”‚   â””â”€â”€ t/l1f49.txt
      â”‚       â”œâ”€â”€ t/l1f49.txt.in
      â”‚       â””â”€â”€ t/l2f49.txt
      â”‚           â””â”€â”€ t/l2f49.txt.in
      â”œâ”€â”€ t/l0f5.txt
      â”‚   â”œâ”€â”€ t/l0f5.txt.in
      â”‚   â””â”€â”€ t/l1f5.txt
      â”‚       â”œâ”€â”€ t/l1f5.txt.in
      â”‚       â””â”€â”€ t/l2f5.txt
      â”‚           â””â”€â”€ t/l2f5.txt.in
      â”œâ”€â”€ t/l0f6.txt
      â”‚   â”œâ”€â”€ t/l0f6.txt.in
      â”‚   â””â”€â”€ t/l1f6.txt
      â”‚       â”œâ”€â”€ t/l1f6.txt.in
      â”‚       â””â”€â”€ t/l2f6.txt
      â”‚           â””â”€â”€ t/l2f6.txt.in
      â”œâ”€â”€ t/l0f7.txt
      â”‚   â”œâ”€â”€ t/l0f7.txt.in
      â”‚   â””â”€â”€ t/l1f7.txt
      â”‚       â”œâ”€â”€ t/l1f7.txt.in
      â”‚       â””â”€â”€ t/l2f7.txt
      â”‚           â””â”€â”€ t/l2f7.txt.in
      â”œâ”€â”€ t/l0f8.txt
      â”‚   â”œâ”€â”€ t/l0f8.txt.in
      â”‚   â””â”€â”€ t/l1f8.txt
      â”‚       â”œâ”€â”€ t/l1f8.txt.in
      â”‚       â””â”€â”€ t/l2f8.txt
      â”‚           â””â”€â”€ t/l2f8.txt.in
      â””â”€â”€ t/l0f9.txt
          â”œâ”€â”€ t/l0f9.txt.in
          â””â”€â”€ t/l1f9.txt
              â”œâ”€â”€ t/l1f9.txt.in
              â””â”€â”€ t/l2f9.txt
                  â””â”€â”€ t/l2f9.txt.in
  
  '''
# ---
# name: test_tree[taskrunner]
  '''
  
  touch a file
  â”œâ”€â”€ do something more
  â””â”€â”€ ls
  
  '''
# ---
# name: test_tree[trivial]
  '''
  
  transform
  â”œâ”€â”€ dynamic
  â”œâ”€â”€ foo
  â”œâ”€â”€ testfile 1
  â””â”€â”€ testfile 2
  
  '''
# ---
# name: test_tree_directory[checks]
  '''
  ðŸ›ˆ Entering directory 'examples/checks'
  
  all_checks
  â”œâ”€â”€ check_inputs_outputs
  â”‚   â””â”€â”€ circular_C
  â”‚       â””â”€â”€ circular_B
  â”‚           â””â”€â”€ circular_A
  â””â”€â”€ output_file_missing
      â””â”€â”€ no_outputs_A
  
  '''
# ---
# name: test_tree_directory[environments]
  '''
  
  default_action
  â””â”€â”€ default_action_python
  ðŸ›ˆ Entering directory 'examples/environments'
  ðŸ›ˆ Setting up environment
  
  '''
# ---
# name: test_tree_directory[failing_jobs]
  '''
  ðŸ›ˆ Entering directory 'examples/failing_jobs'
  
  all
  â”œâ”€â”€ gcc
  â”œâ”€â”€ go
  â”œâ”€â”€ make
  â””â”€â”€ npm
  
  '''
# ---
# name: test_tree_directory[only_python]
  '''
  ðŸ›ˆ Entering directory 'examples/only_python'
  No actions specified and no default action is defined.
  
  Available actions:
  
  hello
      An action that says 'Hello'.
  
  hi
      An action that says 'Hi'.
  
  
  '''
# ---
# name: test_tree_directory[parametric]
  '''
  ðŸ›ˆ Entering directory 'examples/parametric'
  
  sort
  â””â”€â”€ sort_test_files
      â”œâ”€â”€ t/l0f0.txt
      â”‚   â”œâ”€â”€ t/l0f0.txt.in
      â”‚   â””â”€â”€ t/l1f0.txt
      â”‚       â”œâ”€â”€ t/l1f0.txt.in
      â”‚       â””â”€â”€ t/l2f0.txt
      â”‚           â””â”€â”€ t/l2f0.txt.in
      â”œâ”€â”€ t/l0f1.txt
      â”‚   â”œâ”€â”€ t/l0f1.txt.in
      â”‚   â””â”€â”€ t/l1f1.txt
      â”‚       â”œâ”€â”€ t/l1f1.txt.in
      â”‚       â””â”€â”€ t/l2f1.txt
      â”‚           â””â”€â”€ t/l2f1.txt.in
      â”œâ”€â”€ t/l0f10.txt
      â”‚   â”œâ”€â”€ t/l0f10.txt.in
      â”‚   â””â”€â”€ t/l1f10.txt
      â”‚       â”œâ”€â”€ t/l1f10.txt.in
      â”‚       â””â”€â”€ t/l2f10.txt
      â”‚           â””â”€â”€ t/l2f10.txt.in
      â”œâ”€â”€ t/l0f11.txt
      â”‚   â”œâ”€â”€ t/l0f11.txt.in
      â”‚   â””â”€â”€ t/l1f11.txt
      â”‚       â”œâ”€â”€ t/l1f11.txt.in
      â”‚       â””â”€â”€ t/l2f11.txt
      â”‚           â””â”€â”€ t/l2f11.txt.in
      â”œâ”€â”€ t/l0f12.txt
      â”‚   â”œâ”€â”€ t/l0f12.txt.in
      â”‚   â””â”€â”€ t/l1f12.txt
      â”‚       â”œâ”€â”€ t/l1f12.txt.in
      â”‚       â””â”€â”€ t/l2f12.txt
      â”‚           â””â”€â”€ t/l2f12.txt.in
      â”œâ”€â”€ t/l0f13.txt
      â”‚   â”œâ”€â”€ t/l0f13.txt.in
      â”‚   â””â”€â”€ t/l1f13.txt
      â”‚       â”œâ”€â”€ t/l1f13.txt.in
      â”‚       â””â”€â”€ t/l2f13.txt
      â”‚           â””â”€â”€ t/l2f13.txt.in
      â”œâ”€â”€ t/l0f14.txt
      â”‚   â”œâ”€â”€ t/l0f14.txt.in
      â”‚   â””â”€â”€ t/l1f14.txt
      â”‚       â”œâ”€â”€ t/l1f14.txt.in
      â”‚       â””â”€â”€ t/l2f14.txt
      â”‚           â””â”€â”€ t/l2f14.txt.in
      â”œâ”€â”€ t/l0f15.txt
      â”‚   â”œâ”€â”€ t/l0f15.txt.in
      â”‚   â””â”€â”€ t/l1f15.txt
      â”‚       â”œâ”€â”€ t/l1f15.txt.in
      â”‚       â””â”€â”€ t/l2f15.txt
      â”‚           â””â”€â”€ t/l2f15.txt.in
      â”œâ”€â”€ t/l0f16.txt
      â”‚   â”œâ”€â”€ t/l0f16.txt.in
      â”‚   â””â”€â”€ t/l1f16.txt
      â”‚       â”œâ”€â”€ t/l1f16.txt.in
      â”‚       â””â”€â”€ t/l2f16.txt
      â”‚           â””â”€â”€ t/l2f16.txt.in
      â”œâ”€â”€ t/l0f17.txt
      â”‚   â”œâ”€â”€ t/l0f17.txt.in
      â”‚   â””â”€â”€ t/l1f17.txt
      â”‚       â”œâ”€â”€ t/l1f17.txt.in
      â”‚       â””â”€â”€ t/l2f17.txt
      â”‚           â””â”€â”€ t/l2f17.txt.in
      â”œâ”€â”€ t/l0f18.txt
      â”‚   â”œâ”€â”€ t/l0f18.txt.in
      â”‚   â””â”€â”€ t/l1f18.txt
      â”‚       â”œâ”€â”€ t/l1f18.txt.in
      â”‚       â””â”€â”€ t/l2f18.txt
      â”‚           â””â”€â”€ t/l2f18.txt.in
      â”œâ”€â”€ t/l0f19.txt
      â”‚   â”œâ”€â”€ t/l0f19.txt.in
      â”‚   â””â”€â”€ t/l1f19.txt
      â”‚       â”œâ”€â”€ t/l1f19.txt.in
      â”‚       â””â”€â”€ t/l2f19.txt
      â”‚           â””â”€â”€ t/l2f19.txt.in
      â”œâ”€â”€ t/l0f2.txt
      â”‚   â”œâ”€â”€ t/l0f2.txt.in
      â”‚   â””â”€â”€ t/l1f2.txt
      â”‚       â”œâ”€â”€ t/l1f2.txt.in
      â”‚       â””â”€â”€ t/l2f2.txt
      â”‚           â””â”€â”€ t/l2f2.txt.in
      â”œâ”€â”€ t/l0f20.txt
      â”‚   â”œâ”€â”€ t/l0f20.txt.in
      â”‚   â””â”€â”€ t/l1f20.txt
      â”‚       â”œâ”€â”€ t/l1f20.txt.in
      â”‚       â””â”€â”€ t/l2f20.txt
      â”‚           â””â”€â”€ t/l2f20.txt.in
      â”œâ”€â”€ t/l0f21.txt
      â”‚   â”œâ”€â”€ t/l0f21.txt.in
      â”‚   â””â”€â”€ t/l1f21.txt
      â”‚       â”œâ”€â”€ t/l1f21.txt.in
      â”‚       â””â”€â”€ t/l2f21.txt
      â”‚           â””â”€â”€ t/l2f21.txt.in
      â”œâ”€â”€ t/l0f22.txt
      â”‚   â”œâ”€â”€ t/l0f22.txt.in
      â”‚   â””â”€â”€ t/l1f22.txt
      â”‚       â”œâ”€â”€ t/l1f22.txt.in
      â”‚       â””â”€â”€ t/l2f22.txt
      â”‚           â””â”€â”€ t/l2f22.txt.in
      â”œâ”€â”€ t/l0f23.txt
      â”‚   â”œâ”€â”€ t/l0f23.txt.in
      â”‚   â””â”€â”€ t/l1f23.txt
      â”‚       â”œâ”€â”€ t/l1f23.txt.in
      â”‚       â””â”€â”€ t/l2f23.txt
      â”‚           â””â”€â”€ t/l2f23.txt.in
      â”œâ”€â”€ t/l0f24.txt
      â”‚   â”œâ”€â”€ t/l0f24.txt.in
      â”‚   â””â”€â”€ t/l1f24.txt
      â”‚       â”œâ”€â”€ t/l1f24.txt.in
      â”‚       â””â”€â”€ t/l2f24.txt
      â”‚           â””â”€â”€ t/l2f24.txt.in
      â”œâ”€â”€ t/l0f25.txt
      â”‚   â”œâ”€â”€ t/l0f25.txt.in
      â”‚   â””â”€â”€ t/l1f25.txt
      â”‚       â”œâ”€â”€ t/l1f25.txt.in
      â”‚       â””â”€â”€ t/l2f25.txt
      â”‚           â””â”€â”€ t/l2f25.txt.in
      â”œâ”€â”€ t/l0f26.txt
      â”‚   â”œâ”€â”€ t/l0f26.txt.in
      â”‚   â””â”€â”€ t/l1f26.txt
      â”‚       â”œâ”€â”€ t/l1f26.txt.in
      â”‚       â””â”€â”€ t/l2f26.txt
      â”‚           â””â”€â”€ t/l2f26.txt.in
      â”œâ”€â”€ t/l0f27.txt
      â”‚   â”œâ”€â”€ t/l0f27.txt.in
      â”‚   â””â”€â”€ t/l1f27.txt
      â”‚       â”œâ”€â”€ t/l1f27.txt.in
      â”‚       â””â”€â”€ t/l2f27.txt
      â”‚           â””â”€â”€ t/l2f27.txt.in
      â”œâ”€â”€ t/l0f28.txt
      â”‚   â”œâ”€â”€ t/l0f28.txt.in
      â”‚   â””â”€â”€ t/l1f28.txt
      â”‚       â”œâ”€â”€ t/l1f28.txt.in
      â”‚       â””â”€â”€ t/l2f28.txt
      â”‚           â””â”€â”€ t/l2f28.txt.in
      â”œâ”€â”€ t/l0f29.txt
      â”‚   â”œâ”€â”€ t/l0f29.txt.in
      â”‚   â””â”€â”€ t/l1f29.txt
      â”‚       â”œâ”€â”€ t/l1f29.txt.in
      â”‚       â””â”€â”€ t/l2f29.txt
      â”‚           â””â”€â”€ t/l2f29.txt.in
      â”œâ”€â”€ t/l0f3.txt
      â”‚   â”œâ”€â”€ t/l0f3.txt.in
      â”‚   â””â”€â”€ t/l1f3.txt
      â”‚       â”œâ”€â”€ t/l1f3.txt.in
      â”‚       â””â”€â”€ t/l2f3.txt
      â”‚           â””â”€â”€ t/l2f3.txt.in
      â”œâ”€â”€ t/l0f30.txt
      â”‚   â”œâ”€â”€ t/l0f30.txt.in
      â”‚   â””â”€â”€ t/l1f30.txt
      â”‚       â”œâ”€â”€ t/l1f30.txt.in
      â”‚       â””â”€â”€ t/l2f30.txt
      â”‚           â””â”€â”€ t/l2f30.txt.in
      â”œâ”€â”€ t/l0f31.txt
      â”‚   â”œâ”€â”€ t/l0f31.txt.in
      â”‚   â””â”€â”€ t/l1f31.txt
      â”‚       â”œâ”€â”€ t/l1f31.txt.in
      â”‚       â””â”€â”€ t/l2f31.txt
      â”‚           â””â”€â”€ t/l2f31.txt.in
      â”œâ”€â”€ t/l0f32.txt
      â”‚   â”œâ”€â”€ t/l0f32.txt.in
      â”‚   â””â”€â”€ t/l1f32.txt
      â”‚       â”œâ”€â”€ t/l1f32.txt.in
      â”‚       â””â”€â”€ t/l2f32.txt
      â”‚           â””â”€â”€ t/l2f32.txt.in
      â”œâ”€â”€ t/l0f33.txt
      â”‚   â”œâ”€â”€ t/l0f33.txt.in
      â”‚   â””â”€â”€ t/l1f33.txt
      â”‚       â”œâ”€â”€ t/l1f33.txt.in
      â”‚       â””â”€â”€ t/l2f33.txt
      â”‚           â””â”€â”€ t/l2f33.txt.in
      â”œâ”€â”€ t/l0f34.txt
      â”‚   â”œâ”€â”€ t/l0f34.txt.in
      â”‚   â””â”€â”€ t/l1f34.txt
      â”‚       â”œâ”€â”€ t/l1f34.txt.in
      â”‚       â””â”€â”€ t/l2f34.txt
      â”‚           â””â”€â”€ t/l2f34.txt.in
      â”œâ”€â”€ t/l0f35.txt
      â”‚   â”œâ”€â”€ t/l0f35.txt.in
      â”‚   â””â”€â”€ t/l1f35.txt
      â”‚       â”œâ”€â”€ t/l1f35.txt.in
      â”‚       â””â”€â”€ t/l2f35.txt
      â”‚           â””â”€â”€ t/l2f35.txt.in
      â”œâ”€â”€ t/l0f36.txt
      â”‚   â”œâ”€â”€ t/l0f36.txt.in
      â”‚   â””â”€â”€ t/l1f36.txt
      â”‚       â”œâ”€â”€ t/l1f36.txt.in
      â”‚       â””â”€â”€ t/l2f36.txt
      â”‚           â””â”€â”€ t/l2f36.txt.in
      â”œâ”€â”€ t/l0f37.txt
      â”‚   â”œâ”€â”€ t/l0f37.txt.in
      â”‚   â””â”€â”€ t/l1f37.txt
      â”‚       â”œâ”€â”€ t/l1f37.txt.in
      â”‚       â””â”€â”€ t/l2f37.txt
      â”‚           â””â”€â”€ t/l2f37.txt.in
      â”œâ”€â”€ t/l0f38.txt
      â”‚   â”œâ”€â”€ t/l0f38.txt.in
      â”‚   â””â”€â”€ t/l1f38.txt
      â”‚       â”œâ”€â”€ t/l1f38.txt.in
      â”‚       â””â”€â”€ t/l2f38.txt
      â”‚           â””â”€â”€ t/l2f38.txt.in
      â”œâ”€â”€ t/l0f39.txt
      â”‚   â”œâ”€â”€ t/l0f39.txt.in
      â”‚   â””â”€â”€ t/l1f39.txt
      â”‚       â”œâ”€â”€ t/l1f39.txt.in
      â”‚       â””â”€â”€ t/l2f39.txt
      â”‚           â””â”€â”€ t/l2f39.txt.in
      â”œâ”€â”€ t/l0f4.txt
      â”‚   â”œâ”€â”€ t/l0f4.txt.in
      â”‚   â””â”€â”€ t/l1f4.txt
      â”‚       â”œâ”€â”€ t/l1f4.txt.in
      â”‚       â””â”€â”€ t/l2f4.txt
      â”‚           â””â”€â”€ t/l2f4.txt.in
      â”œâ”€â”€ t/l0f40.txt
      â”‚   â”œâ”€â”€ t/l0f40.txt.in
      â”‚   â””â”€â”€ t/l1f40.txt
      â”‚       â”œâ”€â”€ t/l1f40.txt.in
      â”‚       â””â”€â”€ t/l2f40.txt
      â”‚           â””â”€â”€ t/l2f40.txt.in
      â”œâ”€â”€ t/l0f41.txt
      â”‚   â”œâ”€â”€ t/l0f41.txt.in
      â”‚   â””â”€â”€ t/l1f41.txt
      â”‚       â”œâ”€â”€ t/l1f41.txt.in
      â”‚       â””â”€â”€ t/l2f41.txt
      â”‚           â””â”€â”€ t/l2f41.txt.in
      â”œâ”€â”€ t/l0f42.txt
      â”‚   â”œâ”€â”€ t/l0f42.txt.in
      â”‚   â””â”€â”€ t/l1f42.txt
      â”‚       â”œâ”€â”€ t/l1f42.txt.in
      â”‚       â””â”€â”€ t/l2f42.txt
      â”‚           â””â”€â”€ t/l2f42.txt.in
      â”œâ”€â”€ t/l0f43.txt
      â”‚   â”œâ”€â”€ t/l0f43.txt.in
      â”‚   â””â”€â”€ t/l1f43.txt
      â”‚       â”œâ”€â”€ t/l1f43.txt.in
      â”‚       â””â”€â”€ t/l2f43.txt
      â”‚           â””â”€â”€ t/l2f43.txt.in
      â”œâ”€â”€ t/l0f44.txt
      â”‚   â”œâ”€â”€ t/l0f44.txt.in
      â”‚   â””â”€â”€ t/l1f44.txt
      â”‚       â”œâ”€â”€ t/l1f44.txt.in
      â”‚       â””â”€â”€ t/l2f44.txt
      â”‚           â””â”€â”€ t/l2f44.txt.in
      â”œâ”€â”€ t/l0f45.txt
      â”‚   â”œâ”€â”€ t/l0f45.txt.in
      â”‚   â””â”€â”€ t/l1f45.txt
      â”‚       â”œâ”€â”€ t/l1f45.txt.in
      â”‚       â””â”€â”€ t/l2f45.txt
      â”‚           â””â”€â”€ t/l2f45.txt.in
      â”œâ”€â”€ t/l0f46.txt
      â”‚   â”œâ”€â”€ t/l0f46.txt.in
      â”‚   â””â”€â”€ t/l1f46.txt
      â”‚       â”œâ”€â”€ t/l1f46.txt.in
      â”‚       â””â”€â”€ t/l2f46.txt
      â”‚           â””â”€â”€ t/l2f46.txt.in
      â”œâ”€â”€ t/l0f47.txt
      â”‚   â”œâ”€â”€ t/l0f47.txt.in
      â”‚   â””â”€â”€ t/l1f47.txt
      â”‚       â”œâ”€â”€ t/l1f47.txt.in
      â”‚       â””â”€â”€ t/l2f47.txt
      â”‚           â””â”€â”€ t/l2f47.txt.in
      â”œâ”€â”€ t/l0f48.txt
      â”‚   â”œâ”€â”€ t/l0f48.txt.in
      â”‚   â””â”€â”€ t/l1f48.txt
      â”‚       â”œâ”€â”€ t/l1f48.txt.in
      â”‚       â””â”€â”€ t/l2f48.txt
      â”‚           â””â”€â”€ t/l2f48.txt.in
      â”œâ”€â”€ t/l0f49.txt
      â”‚   â”œâ”€â”€ t/l0f49.txt.in
      â”‚   â””â”€â”€ t/l1f49.txt
      â”‚       â”œâ”€â”€ t/l1f49.txt.in
      â”‚       â””â”€â”€ t/l2f49.txt
      â”‚           â””â”€â”€ t/l2f49.txt.in
      â”œâ”€â”€ t/l0f5.txt
      â”‚   â”œâ”€â”€ t/l0f5.txt.in
      â”‚   â””â”€â”€ t/l1f5.txt
      â”‚       â”œâ”€â”€ t/l1f5.txt.in
      â”‚       â””â”€â”€ t/l2f5.txt
      â”‚           â””â”€â”€ t/l2f5.txt.in
      â”œâ”€â”€ t/l0f6.txt
      â”‚   â”œâ”€â”€ t/l0f6.txt.in
      â”‚   â””â”€â”€ t/l1f6.txt
      â”‚       â”œâ”€â”€ t/l1f6.txt.in
      â”‚       â””â”€â”€ t/l2f6.txt
      â”‚           â””â”€â”€ t/l2f6.txt.in
      â”œâ”€â”€ t/l0f7.txt
      â”‚   â”œâ”€â”€ t/l0f7.txt.in
      â”‚   â””â”€â”€ t/l1f7.txt
      â”‚       â”œâ”€â”€ t/l1f7.txt.in
      â”‚       â””â”€â”€ t/l2f7.txt
      â”‚           â””â”€â”€ t/l2f7.txt.in
      â”œâ”€â”€ t/l0f8.txt
      â”‚   â”œâ”€â”€ t/l0f8.txt.in
      â”‚   â””â”€â”€ t/l1f8.txt
      â”‚       â”œâ”€â”€ t/l1f8.txt.in
      â”‚       â””â”€â”€ t/l2f8.txt
      â”‚           â””â”€â”€ t/l2f8.txt.in
      â””â”€â”€ t/l0f9.txt
          â”œâ”€â”€ t/l0f9.txt.in
          â””â”€â”€ t/l1f9.txt
              â”œâ”€â”€ t/l1f9.txt.in
              â””â”€â”€ t/l2f9.txt
                  â””â”€â”€ t/l2f9.txt.in
  
  '''
# ---
# name: test_tree_directory[taskrunner]
  '''
  ðŸ›ˆ Entering directory 'examples/taskrunner'
  
  touch a file
  â”œâ”€â”€ do something more
  â””â”€â”€ ls
  
  '''
# ---
# name: test_tree_directory[trivial]
  '''
  ðŸ›ˆ Entering directory 'examples/trivial'
  
  transform
  â”œâ”€â”€ dynamic
  â”œâ”€â”€ foo
  â”œâ”€â”€ testfile 1
  â””â”€â”€ testfile 2
  
  '''
# ---
